// Jest Snapshot v1, https://goo.gl/fbAQLP

exports[`MyProfilePage handles dynamic import correctly 1`] = `
<div>
  <div
    data-testid="spinner"
  >
    Loading...
  </div>
  <div
    data-testid="profile-form"
  >
    Profile Form Content
  </div>
</div>
`;
